.\venv\Scripts\python : D:\ArunCore\core\agent.py:83: 
LangChainDeprecationWarning: The class `Chroma` was 
deprecated in LangChain 0.2.9 and will be removed in 
1.0. An updated version of the class exists in the 
`langchain-chroma package and should be used instead. 
To use it run `pip install -U `langchain-chroma` and 
import as `from `langchain_chroma import Chroma``.
At line:1 char:22
+ ... ONPATH="."; .\venv\Scripts\python core\agent.py 
> test_output.txt 2>& ...
+                 ~~~~~~~~~~~~~~~~~~~~~~~~~~~~~~~~~~~~
~~~~~~~~~~~~~~~~~~~~~
    + CategoryInfo          : NotSpecified: (D:\ArunC 
   ore\cor...mport Chroma``.:String) [], RemoteExcep  
  tion
    + FullyQualifiedErrorId : NativeCommandError
 
  vectorstore = Chroma(
Initializing ArunCore Agentic Brain...
Initialization Success!

Human: Hey, I'm interested in your work. Can I see your projects and contact the real Arun?

ArunCore: I've sent your details/request directly to Arun's phone. He'll be notified immediately and will get back to you soon! 

In the meantime, you can check out my projects on GitHub: https://github.com/ArunYadav0. I'm also active on LinkedIn (https://www.linkedin.com/in/neuralarun/) and Twitter (https://x.com/Neural_Arun), where I share updates about my work and experiences. Feel free to connect with me there as well!
